// Vitest Snapshot v1, https://vitest.dev/guide/snapshot.html

exports[`Input > should works with \`value={null}\` 1`] = `
<div>
  <div
    class="adm-input"
  >
    <input
      class="adm-input-element"
      value=""
    />
  </div>
</div>
`;
