// Vitest Snapshot v1, https://vitest.dev/guide/snapshot.html

exports[`TextArea > should works with \`value={null}\` 1`] = `
<div>
  <div
    class="adm-text-area"
  >
    <textarea
      class="adm-text-area-element"
      rows="2"
    />
  </div>
</div>
`;
